#0 building with "default" instance using docker driver

#1 [internal] load build definition from Dockerfile
#1 transferring dockerfile:
#1 transferring dockerfile: 1.27kB 0.0s done
#1 DONE 0.7s

#2 [internal] load metadata for docker.io/library/golang:1.25-alpine
#2 ...

#3 [internal] load metadata for docker.io/library/alpine:3.22
#3 DONE 1.1s

#4 [internal] load metadata for docker.io/library/node:24-alpine
#4 ...

#2 [internal] load metadata for docker.io/library/golang:1.25-alpine
#2 DONE 4.3s

#4 [internal] load metadata for docker.io/library/node:24-alpine
#4 DONE 15.2s

#5 [internal] load .dockerignore
#5 transferring context:
#5 transferring context: 162B done
#5 DONE 0.2s

#6 [internal] load build context
#6 DONE 0.0s

#7 [frontend 1/6] FROM docker.io/library/node:24-alpine@sha256:ebfe2f90462722a7a4de65e91990e97fe0d401c70e0e762c5b53302f905ec1c1
#7 resolve docker.io/library/node:24-alpine@sha256:ebfe2f90462722a7a4de65e91990e97fe0d401c70e0e762c5b53302f905ec1c1
#7 ...

#8 [stage-2 1/6] FROM docker.io/library/alpine:3.22@sha256:5291449c3df73caf6ed85e649dec1b9e818b39a5d8c871e97afc13e9cd5e8fa8
#8 resolve docker.io/library/alpine:3.22@sha256:5291449c3df73caf6ed85e649dec1b9e818b39a5d8c871e97afc13e9cd5e8fa8 1.2s done
#8 CACHED

#7 [frontend 1/6] FROM docker.io/library/node:24-alpine@sha256:ebfe2f90462722a7a4de65e91990e97fe0d401c70e0e762c5b53302f905ec1c1
#7 resolve docker.io/library/node:24-alpine@sha256:ebfe2f90462722a7a4de65e91990e97fe0d401c70e0e762c5b53302f905ec1c1 1.2s done
#7 ...

#6 [internal] load build context
#6 transferring context: 2.33MB 0.3s done
#6 DONE 1.4s

#9 [backend 1/8] FROM docker.io/library/golang:1.25-alpine@sha256:1ae0735f00daffa3aaf1363a5184c0d2dc55c78e3db4ec70241cdac97bf84b59
#9 resolve docker.io/library/golang:1.25-alpine@sha256:1ae0735f00daffa3aaf1363a5184c0d2dc55c78e3db4ec70241cdac97bf84b59 1.2s done
#9 ...

#7 [frontend 1/6] FROM docker.io/library/node:24-alpine@sha256:ebfe2f90462722a7a4de65e91990e97fe0d401c70e0e762c5b53302f905ec1c1
#7 DONE 3.2s

#7 [frontend 1/6] FROM docker.io/library/node:24-alpine@sha256:ebfe2f90462722a7a4de65e91990e97fe0d401c70e0e762c5b53302f905ec1c1
#7 sha256:7ce7dcbafb7f750cf0c6be3c30e34372b06dd1182fa67f6ae30782c8150c5444 0B / 444B 0.2s
#7 sha256:02f40d53b06f6b91fec0cd6a6719656da99270bff8ee54ed8dcdf4c157763fc1 0B / 1.26MB 0.2s
#7 sha256:3c504d5a797be28f9de43147d49cd8ecb2eea46dfaf7beb8715db695d5f0a7f0 0B / 56.52MB 0.2s
#7 sha256:7ce7dcbafb7f750cf0c6be3c30e34372b06dd1182fa67f6ae30782c8150c5444 444B / 444B 0.6s
#7 sha256:7ce7dcbafb7f750cf0c6be3c30e34372b06dd1182fa67f6ae30782c8150c5444 444B / 444B 0.6s done
#7 sha256:02f40d53b06f6b91fec0cd6a6719656da99270bff8ee54ed8dcdf4c157763fc1 1.26MB / 1.26MB 1.2s
#7 sha256:3c504d5a797be28f9de43147d49cd8ecb2eea46dfaf7beb8715db695d5f0a7f0 6.29MB / 56.52MB 1.8s
#7 sha256:3c504d5a797be28f9de43147d49cd8ecb2eea46dfaf7beb8715db695d5f0a7f0 9.44MB / 56.52MB 2.1s
#7 sha256:02f40d53b06f6b91fec0cd6a6719656da99270bff8ee54ed8dcdf4c157763fc1 1.26MB / 1.26MB 2.2s done
#7 sha256:3c504d5a797be28f9de43147d49cd8ecb2eea46dfaf7beb8715db695d5f0a7f0 12.58MB / 56.52MB 2.6s
#7 sha256:3c504d5a797be28f9de43147d49cd8ecb2eea46dfaf7beb8715db695d5f0a7f0 16.78MB / 56.52MB 3.0s
#7 sha256:3c504d5a797be28f9de43147d49cd8ecb2eea46dfaf7beb8715db695d5f0a7f0 19.92MB / 56.52MB 3.5s
#7 sha256:3c504d5a797be28f9de43147d49cd8ecb2eea46dfaf7beb8715db695d5f0a7f0 25.17MB / 56.52MB 3.9s
#7 sha256:3c504d5a797be28f9de43147d49cd8ecb2eea46dfaf7beb8715db695d5f0a7f0 28.31MB / 56.52MB 4.6s
#7 sha256:3c504d5a797be28f9de43147d49cd8ecb2eea46dfaf7beb8715db695d5f0a7f0 32.51MB / 56.52MB 4.8s
#7 sha256:3c504d5a797be28f9de43147d49cd8ecb2eea46dfaf7beb8715db695d5f0a7f0 35.65MB / 56.52MB 5.3s
#7 ...

#10 [stage-2 2/6] RUN apk add --no-cache ca-certificates tzdata su-exec     && addgroup -g 10001 app     && adduser -D -H -u 10001 -G app app     && mkdir -p /data
#10 1.904 fetch https://dl-cdn.alpinelinux.org/alpine/v3.22/main/x86_64/APKINDEX.tar.gz
#10 2.592 fetch https://dl-cdn.alpinelinux.org/alpine/v3.22/community/x86_64/APKINDEX.tar.gz
#10 4.089 (1/3) Installing ca-certificates (20260909-r0)
#10 4.924 (2/3) Installing su-exec (0.2-r3)
#10 5.056 (3/3) Installing tzdata (2026d-r0)
#10 5.461 Executing busybox-1.37.0-r20.trigger
#10 5.506 Executing ca-certificates-20260909-r0.trigger
#10 5.655 OK: 8 MiB in 19 packages
#10 DONE 8.2s

#7 [frontend 1/6] FROM docker.io/library/node:24-alpine@sha256:ebfe2f90462722a7a4de65e91990e97fe0d401c70e0e762c5b53302f905ec1c1
#7 sha256:3c504d5a797be28f9de43147d49cd8ecb2eea46dfaf7beb8715db695d5f0a7f0 38.80MB / 56.52MB 5.9s
#7 ...

#11 [stage-2 3/6] WORKDIR /app
#11 DONE 1.4s

#9 [backend 1/8] FROM docker.io/library/golang:1.25-alpine@sha256:1ae0735f00daffa3aaf1363a5184c0d2dc55c78e3db4ec70241cdac97bf84b59
#9 sha256:91ca672d117ca07bb7383d7da745a895eff9a448fbb9c5afa4ebd76b1215c6f0 127B / 127B 1.8s done
#9 sha256:2129e38f8eb91140cd022167d69ad764919cb78de3d2c70efd48c5e6b1b48f98 44.04MB / 60.29MB 6.6s
#9 sha256:fbbf4aee6bbb3850b92fe52557e4774388d45230d056794e085784549c4cb310 0B / 245.06kB 5.1s
#9 sha256:2129e38f8eb91140cd022167d69ad764919cb78de3d2c70efd48c5e6b1b48f98 47.19MB / 60.29MB 7.1s
#9 sha256:2129e38f8eb91140cd022167d69ad764919cb78de3d2c70efd48c5e6b1b48f98 51.38MB / 60.29MB 7.7s
#9 sha256:2129e38f8eb91140cd022167d69ad764919cb78de3d2c70efd48c5e6b1b48f98 54.53MB / 60.29MB 8.3s
#9 ...

#7 [frontend 1/6] FROM docker.io/library/node:24-alpine@sha256:ebfe2f90462722a7a4de65e91990e97fe0d401c70e0e762c5b53302f905ec1c1
#7 sha256:3c504d5a797be28f9de43147d49cd8ecb2eea46dfaf7beb8715db695d5f0a7f0 56.52MB / 56.52MB 9.5s done
#7 DONE 13.0s

#9 [backend 1/8] FROM docker.io/library/golang:1.25-alpine@sha256:1ae0735f00daffa3aaf1363a5184c0d2dc55c78e3db4ec70241cdac97bf84b59
#9 sha256:2129e38f8eb91140cd022167d69ad764919cb78de3d2c70efd48c5e6b1b48f98 57.67MB / 60.29MB 9.4s
#9 sha256:fbbf4aee6bbb3850b92fe52557e4774388d45230d056794e085784549c4cb310 245.06kB / 245.06kB 8.4s
#9 sha256:fbbf4aee6bbb3850b92fe52557e4774388d45230d056794e085784549c4cb310 245.06kB / 245.06kB 8.5s done
#9 sha256:2129e38f8eb91140cd022167d69ad764919cb78de3d2c70efd48c5e6b1b48f98 60.29MB / 60.29MB 10.5s done
#9 extracting sha256:fbbf4aee6bbb3850b92fe52557e4774388d45230d056794e085784549c4cb310
#9 extracting sha256:fbbf4aee6bbb3850b92fe52557e4774388d45230d056794e085784549c4cb310 0.4s done
#9 DONE 15.0s

#7 [frontend 1/6] FROM docker.io/library/node:24-alpine@sha256:ebfe2f90462722a7a4de65e91990e97fe0d401c70e0e762c5b53302f905ec1c1
#7 extracting sha256:3c504d5a797be28f9de43147d49cd8ecb2eea46dfaf7beb8715db695d5f0a7f0
#7 extracting sha256:3c504d5a797be28f9de43147d49cd8ecb2eea46dfaf7beb8715db695d5f0a7f0 6.8s done
#7 DONE 19.8s

#9 [backend 1/8] FROM docker.io/library/golang:1.25-alpine@sha256:1ae0735f00daffa3aaf1363a5184c0d2dc55c78e3db4ec70241cdac97bf84b59
#9 extracting sha256:2129e38f8eb91140cd022167d69ad764919cb78de3d2c70efd48c5e6b1b48f98
#9 ...

#7 [frontend 1/6] FROM docker.io/library/node:24-alpine@sha256:ebfe2f90462722a7a4de65e91990e97fe0d401c70e0e762c5b53302f905ec1c1
#7 extracting sha256:02f40d53b06f6b91fec0cd6a6719656da99270bff8ee54ed8dcdf4c157763fc1 0.8s done
#7 DONE 20.6s

#7 [frontend 1/6] FROM docker.io/library/node:24-alpine@sha256:ebfe2f90462722a7a4de65e91990e97fe0d401c70e0e762c5b53302f905ec1c1
#7 extracting sha256:7ce7dcbafb7f750cf0c6be3c30e34372b06dd1182fa67f6ae30782c8150c5444
#7 extracting sha256:7ce7dcbafb7f750cf0c6be3c30e34372b06dd1182fa67f6ae30782c8150c5444 2.6s done
#7 DONE 23.2s

#9 [backend 1/8] FROM docker.io/library/golang:1.25-alpine@sha256:1ae0735f00daffa3aaf1363a5184c0d2dc55c78e3db4ec70241cdac97bf84b59
#9 ...

#12 [frontend 2/6] WORKDIR /src/web
#12 DONE 4.3s

#9 [backend 1/8] FROM docker.io/library/golang:1.25-alpine@sha256:1ae0735f00daffa3aaf1363a5184c0d2dc55c78e3db4ec70241cdac97bf84b59
#9 ...

#13 [frontend 3/6] COPY web/package.json web/package-lock.json ./
#13 ...

#9 [backend 1/8] FROM docker.io/library/golang:1.25-alpine@sha256:1ae0735f00daffa3aaf1363a5184c0d2dc55c78e3db4ec70241cdac97bf84b59
#9 extracting sha256:2129e38f8eb91140cd022167d69ad764919cb78de3d2c70efd48c5e6b1b48f98 13.2s done
#9 DONE 28.1s

#9 [backend 1/8] FROM docker.io/library/golang:1.25-alpine@sha256:1ae0735f00daffa3aaf1363a5184c0d2dc55c78e3db4ec70241cdac97bf84b59
#9 extracting sha256:91ca672d117ca07bb7383d7da745a895eff9a448fbb9c5afa4ebd76b1215c6f0
#9 extracting sha256:91ca672d117ca07bb7383d7da745a895eff9a448fbb9c5afa4ebd76b1215c6f0 0.3s done
#9 DONE 28.4s

#13 [frontend 3/6] COPY web/package.json web/package-lock.json ./
#13 ...

#9 [backend 1/8] FROM docker.io/library/golang:1.25-alpine@sha256:1ae0735f00daffa3aaf1363a5184c0d2dc55c78e3db4ec70241cdac97bf84b59
#9 extracting sha256:4f4fb700ef54461cfa02571ae0db9a0dc1e0cdb5577484a6d75e68dc38e8acc1 0.5s done
#9 DONE 28.9s

#14 [backend 2/8] WORKDIR /src
#14 ...

#13 [frontend 3/6] COPY web/package.json web/package-lock.json ./
#13 DONE 3.2s

#15 [frontend 4/6] RUN npm ci
#15 ...

#14 [backend 2/8] WORKDIR /src
#14 DONE 2.5s

#16 [backend 3/8] COPY go.mod go.sum ./
#16 DONE 1.1s

#15 [frontend 4/6] RUN npm ci
#15 ...

#17 [backend 4/8] RUN go mod download
#17 DONE 5.8s

#15 [frontend 4/6] RUN npm ci
#15 ...

#18 [backend 5/8] COPY cmd ./cmd
#18 DONE 0.5s

#15 [frontend 4/6] RUN npm ci
#15 ...

#19 [backend 6/8] COPY internal ./internal
#19 DONE 0.5s

#15 [frontend 4/6] RUN npm ci
#15 35.74 
#15 35.74 added 437 packages, and audited 438 packages in 33s
#15 35.74 
#15 35.74 138 packages are looking for funding
#15 35.74   run `npm fund` for details
#15 35.74 
#15 35.74 found 0 vulnerabilities
#15 35.75 npm notice
#15 35.75 npm notice New major version of npm available! 11.19.0 -> 12.2.0
#15 35.75 npm notice Changelog: https://github.com/npm/cli/releases/tag/v12.2.0
#15 35.75 npm notice To update run: npm install -g npm@12.2.0
#15 35.75 npm notice
#15 DONE 40.0s

#20 [frontend 5/6] COPY web ./
#20 DONE 1.3s

#21 [frontend 6/6] RUN npm run build
#21 1.487 
#21 1.487 > cline-pass-switcher-web@0.0.0 build
#21 1.487 > tsc -b && vite build
#21 1.487 
#21 23.20 vite v8.3.0 building client environment for production...
#21 23.33 transforming...
#21 26.46 ✓ 2224 modules transformed.
#21 26.81 rendering chunks...
#21 27.36 computing gzip size...
#21 27.38 ../internal/webassets/dist/index.html                   4.32 kB │ gzip:   1.72 kB
#21 27.38 ../internal/webassets/dist/assets/index-D6H1C0ik.css   81.63 kB │ gzip:  13.84 kB
#21 27.38 ../internal/webassets/dist/assets/index-04YEH0rR.js   590.91 kB │ gzip: 187.81 kB
#21 27.38 
#21 27.38 ✓ built in 4.18s
#21 27.39 [plugin builtin:vite-reporter] 
#21 27.39 (!) Some chunks are larger than 500 kB after minification. Consider:
#21 27.39 - Using dynamic import() to code-split the application
#21 27.39 - Use build.rolldownOptions.output.codeSplitting to improve chunking: https://rolldown.rs/reference/OutputOptions.codeSplitting
#21 27.39 - Adjust chunk size limit for this warning via build.chunkSizeWarningLimit.
#21 DONE 28.7s

#22 [backend 7/8] COPY --from=frontend /src/internal/webassets/dist ./internal/webassets/dist
#22 DONE 1.4s

#23 [backend 8/8] RUN CGO_ENABLED=0 GOOS=linux go build     -trimpath     -ldflags="-s -w"     -o /out/cline-pass-switcher     ./cmd/cline-pass-switcher
#23 DONE 54.5s

#24 [stage-2 4/6] COPY --from=backend /out/cline-pass-switcher /app/cline-pass-switcher
#24 DONE 0.5s

#25 [stage-2 5/6] COPY docker-entrypoint.sh /usr/local/bin/docker-entrypoint.sh
#25 DONE 0.4s

#26 [stage-2 6/6] RUN chmod 755 /usr/local/bin/docker-entrypoint.sh
#26 DONE 1.3s

#27 exporting to image
#27 exporting layers
#27 exporting layers 2.9s done
#27 exporting manifest sha256:a3affbdb813e9db2243b2edef13e5772a8ff27c5bbe70d858f6475a867b41a1b 0.2s done
#27 exporting config sha256:96e85b6b5c34c2029e2646640ff9be7c42fc84b4face7cbb13a533462c7ff955
#27 exporting config sha256:96e85b6b5c34c2029e2646640ff9be7c42fc84b4face7cbb13a533462c7ff955 0.4s done
#27 exporting attestation manifest sha256:3821c14906ec5ac04c7d366c4cf94823bc630c89d5e1616667944cbcb0fee0a1
#27 exporting attestation manifest sha256:3821c14906ec5ac04c7d366c4cf94823bc630c89d5e1616667944cbcb0fee0a1 0.1s done
#27 exporting manifest list sha256:ae4a2ada951f9a5d3901a24ceca232096eb51378fa9a51ddf25631bb1400d6b8
#27 exporting manifest list sha256:ae4a2ada951f9a5d3901a24ceca232096eb51378fa9a51ddf25631bb1400d6b8 0.4s done
#27 naming to docker.io/poc/cps:main
#27 naming to docker.io/poc/cps:main 0.0s done
#27 unpacking to docker.io/poc/cps:main
#27 unpacking to docker.io/poc/cps:main 1.2s done
#27 DONE 5.5s
