#0 building with "default" instance using docker driver

#1 [internal] load build definition from Dockerfile
#1 transferring dockerfile:
#1 transferring dockerfile: 614B 0.0s done
#1 DONE 0.3s

#2 [internal] load metadata for docker.io/library/alpine:3.21
#2 ...

#3 [internal] load metadata for docker.io/library/golang:1.26-alpine
#3 DONE 0.4s

#2 [internal] load metadata for docker.io/library/alpine:3.21
#2 DONE 2.8s

#4 [internal] load .dockerignore
#4 transferring context:
#4 transferring context: 2B done
#4 DONE 0.3s

#5 [internal] load build context
#5 DONE 0.0s

#6 [stage-1 1/4] FROM docker.io/library/alpine:3.21@sha256:ce64758a109eb420d874a118f87920e625e12d3634e03b4a5573fd9f6e5d3507
#6 resolve docker.io/library/alpine:3.21@sha256:ce64758a109eb420d874a118f87920e625e12d3634e03b4a5573fd9f6e5d3507
#6 DONE 0.3s

#7 [builder 1/6] FROM docker.io/library/golang:1.26-alpine@sha256:8ac98ca534ac3f51e1f420a1dd2c15e74c75cfa0f23f3ad27eb5d7236c349a0c
#7 resolve docker.io/library/golang:1.26-alpine@sha256:8ac98ca534ac3f51e1f420a1dd2c15e74c75cfa0f23f3ad27eb5d7236c349a0c
#7 resolve docker.io/library/golang:1.26-alpine@sha256:8ac98ca534ac3f51e1f420a1dd2c15e74c75cfa0f23f3ad27eb5d7236c349a0c 0.2s done
#7 ...

#6 [stage-1 1/4] FROM docker.io/library/alpine:3.21@sha256:ce64758a109eb420d874a118f87920e625e12d3634e03b4a5573fd9f6e5d3507
#6 resolve docker.io/library/alpine:3.21@sha256:ce64758a109eb420d874a118f87920e625e12d3634e03b4a5573fd9f6e5d3507 0.2s done
#6 DONE 0.9s

#6 [stage-1 1/4] FROM docker.io/library/alpine:3.21@sha256:ce64758a109eb420d874a118f87920e625e12d3634e03b4a5573fd9f6e5d3507
#6 sha256:16333ee0c00fc65e025a2a4f839703ad37a74728832977fbdf080984de1b8e5a 0B / 3.63MB 0.2s
#6 ...

#5 [internal] load build context
#5 transferring context: 689.16kB 0.1s done
#5 DONE 1.3s

#6 [stage-1 1/4] FROM docker.io/library/alpine:3.21@sha256:ce64758a109eb420d874a118f87920e625e12d3634e03b4a5573fd9f6e5d3507
#6 sha256:16333ee0c00fc65e025a2a4f839703ad37a74728832977fbdf080984de1b8e5a 1.05MB / 3.63MB 0.8s
#6 sha256:16333ee0c00fc65e025a2a4f839703ad37a74728832977fbdf080984de1b8e5a 3.63MB / 3.63MB 1.1s
#6 sha256:16333ee0c00fc65e025a2a4f839703ad37a74728832977fbdf080984de1b8e5a 3.63MB / 3.63MB 1.2s done
#6 extracting sha256:16333ee0c00fc65e025a2a4f839703ad37a74728832977fbdf080984de1b8e5a
#6 ...

#7 [builder 1/6] FROM docker.io/library/golang:1.26-alpine@sha256:8ac98ca534ac3f51e1f420a1dd2c15e74c75cfa0f23f3ad27eb5d7236c349a0c
#7 DONE 2.6s

#8 [builder 2/6] WORKDIR /build
#8 ...

#6 [stage-1 1/4] FROM docker.io/library/alpine:3.21@sha256:ce64758a109eb420d874a118f87920e625e12d3634e03b4a5573fd9f6e5d3507
#6 extracting sha256:16333ee0c00fc65e025a2a4f839703ad37a74728832977fbdf080984de1b8e5a 0.8s done
#6 DONE 3.0s

#8 [builder 2/6] WORKDIR /build
#8 DONE 2.3s

#9 [builder 3/6] COPY go.mod ./
#9 DONE 1.4s

#10 [stage-1 2/4] RUN apk add --no-cache ca-certificates tzdata
#10 2.134 fetch https://dl-cdn.alpinelinux.org/alpine/v3.21/main/x86_64/APKINDEX.tar.gz
#10 3.376 fetch https://dl-cdn.alpinelinux.org/alpine/v3.21/community/x86_64/APKINDEX.tar.gz
#10 4.561 (1/2) Installing ca-certificates (20260909-r0)
#10 5.028 (2/2) Installing tzdata (2026d-r0)
#10 5.361 Executing busybox-1.37.0-r14.trigger
#10 5.399 Executing ca-certificates-20260909-r0.trigger
#10 5.545 OK: 8 MiB in 17 packages
#10 DONE 6.3s

#11 [builder 4/6] RUN go mod download 2>/dev/null || true
#11 ...

#12 [stage-1 3/4] WORKDIR /app
#12 DONE 1.2s

#11 [builder 4/6] RUN go mod download 2>/dev/null || true
#11 DONE 18.7s

#13 [builder 5/6] COPY . .
#13 DONE 1.0s

#14 [builder 6/6] RUN CGO_ENABLED=0 go build -ldflags="-s -w -X main.appVersion=dev" -o cline-proxy .
#14 DONE 82.9s

#15 [stage-1 4/4] COPY --from=builder /build/cline-proxy .
#15 DONE 0.8s

#16 exporting to image
#16 exporting layers
#16 exporting layers 3.1s done
#16 exporting manifest sha256:a6a2bdf03db9c16ff24e7562631e707b3edae5a45009a716ef93233e4cf5433d
#16 exporting manifest sha256:a6a2bdf03db9c16ff24e7562631e707b3edae5a45009a716ef93233e4cf5433d 0.2s done
#16 exporting config sha256:4e0032e30854c2035641867c64a2c9a83e4b645210a529200ce290a3b7d7921a
#16 exporting config sha256:4e0032e30854c2035641867c64a2c9a83e4b645210a529200ce290a3b7d7921a 0.2s done
#16 exporting attestation manifest sha256:9481d39e5c5a21e2ffc1844983e10afb2f38c2f8265a40c99769ae06657e53fc
#16 exporting attestation manifest sha256:9481d39e5c5a21e2ffc1844983e10afb2f38c2f8265a40c99769ae06657e53fc 0.2s done
#16 exporting manifest list sha256:b31a7590aff5ef420f4b496aa557e833ecb4ee758e229b3aada1bc8f352d3efb
#16 exporting manifest list sha256:b31a7590aff5ef420f4b496aa557e833ecb4ee758e229b3aada1bc8f352d3efb 0.1s done
#16 naming to docker.io/poc/cline2api:v1.6.4
#16 naming to docker.io/poc/cline2api:v1.6.4 0.0s done
#16 unpacking to docker.io/poc/cline2api:v1.6.4
#16 unpacking to docker.io/poc/cline2api:v1.6.4 1.4s done
#16 DONE 5.4s
